// Jest Snapshot v1, https://goo.gl/fbAQLP

exports[`FileSave should render 1`] = `
<body>
  <div>
    <div
      class="file-save"
      data-testid="file-save"
    >
      <div
        class="file-save-input-wrapper"
      >
        <input
          class="file-save-input"
          placeholder="File name"
          type="text"
          value="File Name"
        />
      </div>
      <button
        class="icon-button icon-button-medium"
        type="button"
      >
        <svg>
          save.svg
        </svg>
      </button>
    </div>
  </div>
</body>
`;
