// Jest Snapshot v1, https://goo.gl/fbAQLP

exports[`MarkdownOutput should render 1`] = `
<body>
  <div>
    <div
      class="w-full max-w-5xl m-auto sm:mt-8 sm:px-8 h-[calc(100vh-8rem)] sm:h-[calc(100vh-6rem)]"
    >
      <div
        class="markdown-output overflow-y-auto h-full dark:bg-neutral-900"
      >
        <div>
          markdown content
        </div>
      </div>
    </div>
  </div>
</body>
`;
