// Jest Snapshot v1, https://goo.gl/fbAQLP

exports[`MarkdownOutput should render 1`] = `
<body>
  <div>
    <div
      class="w-full max-w-5xl m-auto sm:mt-8 sm:px-8 h-[calc(100vh-8rem)] sm:h-[calc(100vh-6rem)]"
    >
      <div
        class="overflow-y-auto shadow-lg bg-white h-full p-8 rounded-md dark:bg-zinc-800 dark:border-zinc-700"
      >
        <div>
          markdown content
        </div>
      </div>
    </div>
  </div>
</body>
`;
