// Jest Snapshot v1, https://goo.gl/fbAQLP

exports[`Sidenav should render 1`] = `
<body>
  <div>
    <div
      class="sidenav"
    >
      <span
        class="logo"
      >
        rk
      </span>
      <h5
        class="tab tab-active"
      >
        <button
          class="icon-button icon-button-medium"
          type="button"
        >
          <svg>
            pencil.svg
          </svg>
        </button>
      </h5>
      <h5
        class="tab "
      >
        <button
          class="icon-button icon-button-medium"
          type="button"
        >
          <svg>
            eye.svg
          </svg>
        </button>
      </h5>
      <button
        class="icon-button icon-button-medium"
        type="button"
      >
        <svg>
          download.svg
        </svg>
      </button>
      <button
        class="icon-button icon-button-medium"
        type="button"
      >
        <svg>
          x-circle.svg
        </svg>
      </button>
      <div
        class="files-button-container"
      >
        <button
          class="icon-button icon-button-medium"
          type="button"
        >
          <svg>
            folder.svg
          </svg>
        </button>
        <div
          class="files-button-badge"
        >
          4
        </div>
      </div>
    </div>
  </div>
</body>
`;
